// Jest Snapshot v1, https://goo.gl/fbAQLP

exports[`Loader renders without changes 1`] = `
<div
  className="loader h-full"
>
  Loading...
</div>
`;
